Windows PowerShell
Copyright (C) Microsoft Corporation. All rights reserved.

Install the latest PowerShell for new features and improvements! https://aka.ms/PSWindows

PS D:\amey> git init
Initialized empty Git repository in D:/amey/.git/
PS D:\amey> git add .
warning: in the working copy of '.metadata', LF will be replaced by CRLF the next time Git touches it
warning: in the working copy of 'linux/flutter/generated_plugin_registrant.cc', LF will be replaced by CRLF the next time Git touches it
warning: in the working copy of 'linux/flutter/generated_plugin_registrant.h', LF will be replaced by CRLF the next time Git touches it
warning: in the working copy of 'linux/flutter/generated_plugins.cmake', LF will be replaced by CRLF the next time Git touches it
warning: in the working copy of 'macos/Flutter/GeneratedPluginRegistrant.swift', LF will be replaced by CRLF the next time Git touches it
warning: in the working copy of 'pubspec.lock', LF will be replaced by CRLF the next time Git touches it
warning: in the working copy of 'windows/flutter/generated_plugin_registrant.cc', LF will be replaced by CRLF the next time Git touches it
warning: in the working copy of 'windows/flutter/generated_plugin_registrant.h', LF will be replaced by CRLF the next time Git touches it
warning: in the working copy of 'windows/flutter/generated_plugins.cmake', LF will be replaced by CRLF the next time Git touches it
PS D:\amey> git commit -m "First Commit"
[master (root-commit) 445f787] First Commit
 126 files changed, 4552 insertions(+)
 create mode 100644 .gitignore
 create mode 100644 .metadata
 create mode 100644 README.md
 create mode 100644 analysis_options.yaml
 create mode 100644 android/.gitignore
 create mode 100644 android/app/build.gradle
 create mode 100644 android/app/src/debug/AndroidManifest.xml
 create mode 100644 android/app/src/main/AndroidManifest.xml
 create mode 100644 android/app/src/main/java/com/example/amey/MainActivity.java
 create mode 100644 android/app/src/main/res/drawable-v21/launch_background.xml
 create mode 100644 android/app/src/main/res/drawable/launch_background.xml
 create mode 100644 android/app/src/main/res/mipmap-hdpi/ic_launcher.png
 create mode 100644 android/app/src/main/res/mipmap-mdpi/ic_launcher.png
 create mode 100644 android/app/src/main/res/mipmap-xhdpi/ic_launcher.png
 create mode 100644 android/app/src/main/res/mipmap-xxhdpi/ic_launcher.png
 create mode 100644 android/app/src/main/res/mipmap-xxxhdpi/ic_launcher.png
 create mode 100644 android/app/src/main/res/values-night/styles.xml
 create mode 100644 android/app/src/main/res/values/styles.xml
 create mode 100644 android/app/src/profile/AndroidManifest.xml
 create mode 100644 android/build.gradle
 create mode 100644 android/gradle.properties
 create mode 100644 android/gradle/wrapper/gradle-wrapper.properties
 create mode 100644 android/settings.gradle
 create mode 100644 ios/.gitignore
 create mode 100644 ios/Flutter/AppFrameworkInfo.plist
 create mode 100644 ios/Flutter/Debug.xcconfig
 create mode 100644 ios/Flutter/Release.xcconfig
 create mode 100644 ios/Runner.xcodeproj/project.pbxproj
 create mode 100644 ios/Runner.xcodeproj/project.xcworkspace/contents.xcworkspacedata
 create mode 100644 ios/Runner.xcodeproj/project.xcworkspace/xcshareddata/IDEWorkspaceChecks.plist
 create mode 100644 ios/Runner.xcodeproj/project.xcworkspace/xcshareddata/WorkspaceSettings.xcsettings
 create mode 100644 ios/Runner.xcodeproj/xcshareddata/xcschemes/Runner.xcscheme
 create mode 100644 ios/Runner.xcworkspace/contents.xcworkspacedata
 create mode 100644 ios/Runner.xcworkspace/xcshareddata/IDEWorkspaceChecks.plist
 create mode 100644 ios/Runner.xcworkspace/xcshareddata/WorkspaceSettings.xcsettings
 create mode 100644 ios/Runner/AppDelegate.swift
 create mode 100644 ios/Runner/Assets.xcassets/AppIcon.appiconset/Contents.json
 create mode 100644 ios/Runner/Assets.xcassets/AppIcon.appiconset/Icon-App-1024x1024@1x.png
 create mode 100644 ios/Runner/Assets.xcassets/AppIcon.appiconset/Icon-App-20x20@1x.png
 create mode 100644 ios/Runner/Assets.xcassets/AppIcon.appiconset/Icon-App-20x20@2x.png
 create mode 100644 ios/Runner/Assets.xcassets/AppIcon.appiconset/Icon-App-20x20@3x.png
 create mode 100644 ios/Runner/Assets.xcassets/AppIcon.appiconset/Icon-App-29x29@1x.png
 create mode 100644 ios/Runner/Assets.xcassets/AppIcon.appiconset/Icon-App-29x29@2x.png
 create mode 100644 ios/Runner/Assets.xcassets/AppIcon.appiconset/Icon-App-29x29@3x.png
 create mode 100644 ios/Runner/Assets.xcassets/AppIcon.appiconset/Icon-App-40x40@1x.png
 create mode 100644 ios/Runner/Assets.xcassets/AppIcon.appiconset/Icon-App-40x40@2x.png
 create mode 100644 ios/Runner/Assets.xcassets/AppIcon.appiconset/Icon-App-40x40@3x.png
 create mode 100644 ios/Runner/Assets.xcassets/AppIcon.appiconset/Icon-App-60x60@2x.png
 create mode 100644 ios/Runner/Assets.xcassets/AppIcon.appiconset/Icon-App-60x60@3x.png
 create mode 100644 ios/Runner/Assets.xcassets/AppIcon.appiconset/Icon-App-76x76@1x.png
 create mode 100644 ios/Runner/Assets.xcassets/AppIcon.appiconset/Icon-App-76x76@2x.png
 create mode 100644 ios/Runner/Assets.xcassets/AppIcon.appiconset/Icon-App-83.5x83.5@2x.png
 create mode 100644 ios/Runner/Assets.xcassets/LaunchImage.imageset/Contents.json
 create mode 100644 ios/Runner/Assets.xcassets/LaunchImage.imageset/LaunchImage.png
 create mode 100644 ios/Runner/Assets.xcassets/LaunchImage.imageset/LaunchImage@2x.png
 create mode 100644 ios/Runner/Assets.xcassets/LaunchImage.imageset/LaunchImage@3x.png
 create mode 100644 ios/Runner/Assets.xcassets/LaunchImage.imageset/README.md
 create mode 100644 ios/Runner/Base.lproj/LaunchScreen.storyboard
 create mode 100644 ios/Runner/Base.lproj/Main.storyboard
 create mode 100644 ios/Runner/Info.plist
 create mode 100644 ios/Runner/Runner-Bridging-Header.h
 create mode 100644 lib/main.dart
 create mode 100644 linux/.gitignore
 create mode 100644 linux/CMakeLists.txt
 create mode 100644 linux/flutter/CMakeLists.txt
 create mode 100644 linux/flutter/generated_plugin_registrant.cc
 create mode 100644 linux/flutter/generated_plugin_registrant.h
 create mode 100644 linux/flutter/generated_plugins.cmake
 create mode 100644 linux/main.cc
 create mode 100644 linux/my_application.cc
 create mode 100644 linux/my_application.h
 create mode 100644 macos/.gitignore
 create mode 100644 macos/Flutter/Flutter-Debug.xcconfig
 create mode 100644 macos/Flutter/Flutter-Release.xcconfig
 create mode 100644 macos/Flutter/GeneratedPluginRegistrant.swift
 create mode 100644 macos/Runner.xcodeproj/project.pbxproj
 create mode 100644 macos/Runner.xcodeproj/project.xcworkspace/xcshareddata/IDEWorkspaceChecks.plist
 create mode 100644 macos/Runner.xcodeproj/xcshareddata/xcschemes/Runner.xcscheme
 create mode 100644 macos/Runner.xcworkspace/contents.xcworkspacedata
 create mode 100644 macos/Runner.xcworkspace/xcshareddata/IDEWorkspaceChecks.plist
 create mode 100644 macos/Runner/AppDelegate.swift
 create mode 100644 macos/Runner/Assets.xcassets/AppIcon.appiconset/Contents.json
 create mode 100644 macos/Runner/Assets.xcassets/AppIcon.appiconset/app_icon_1024.png
 create mode 100644 macos/Runner/Assets.xcassets/AppIcon.appiconset/app_icon_128.png
 create mode 100644 macos/Runner/Assets.xcassets/AppIcon.appiconset/app_icon_16.png
 create mode 100644 macos/Runner/Assets.xcassets/AppIcon.appiconset/app_icon_256.png
 create mode 100644 macos/Runner/Assets.xcassets/AppIcon.appiconset/app_icon_32.png
 create mode 100644 macos/Runner/Assets.xcassets/AppIcon.appiconset/app_icon_512.png
 create mode 100644 macos/Runner/Assets.xcassets/AppIcon.appiconset/app_icon_64.png
 create mode 100644 macos/Runner/Base.lproj/MainMenu.xib
 create mode 100644 macos/Runner/Configs/AppInfo.xcconfig
 create mode 100644 macos/Runner/Configs/Debug.xcconfig
 create mode 100644 macos/Runner/Configs/Release.xcconfig
 create mode 100644 macos/Runner/Configs/Warnings.xcconfig
 create mode 100644 macos/Runner/DebugProfile.entitlements
 create mode 100644 macos/Runner/Info.plist
 create mode 100644 macos/Runner/MainFlutterWindow.swift
 create mode 100644 macos/Runner/Release.entitlements
 create mode 100644 pubspec.lock
 create mode 100644 pubspec.yaml
 create mode 100644 test/widget_test.dart
 create mode 100644 web/favicon.png
 create mode 100644 web/icons/Icon-192.png
 create mode 100644 web/icons/Icon-512.png
 create mode 100644 web/icons/Icon-maskable-192.png
 create mode 100644 web/icons/Icon-maskable-512.png
 create mode 100644 web/index.html
 create mode 100644 web/manifest.json
 create mode 100644 windows/.gitignore
 create mode 100644 windows/CMakeLists.txt
 create mode 100644 windows/flutter/CMakeLists.txt
 create mode 100644 windows/flutter/generated_plugin_registrant.cc
 create mode 100644 windows/flutter/generated_plugin_registrant.h
 create mode 100644 windows/flutter/generated_plugins.cmake
 create mode 100644 windows/runner/CMakeLists.txt
 create mode 100644 windows/runner/Runner.rc
 create mode 100644 windows/runner/flutter_window.cpp
 create mode 100644 windows/runner/flutter_window.h
 create mode 100644 windows/runner/main.cpp
 create mode 100644 windows/runner/resource.h
 create mode 100644 windows/runner/resources/app_icon.ico
 create mode 100644 windows/runner/runner.exe.manifest
 create mode 100644 windows/runner/utils.cpp
 create mode 100644 windows/runner/utils.h
 create mode 100644 windows/runner/win32_window.cpp
 create mode 100644 windows/runner/win32_window.h
PS D:\amey> git commit -m "First Commit"                                             
On branch master
nothing to commit, working tree clean
PS D:\amey> git commit ~m "First Commit"
error: pathspec '~m' did not match any file(s) known to git
error: pathspec 'First Commit' did not match any file(s) known to git
PS D:\amey> git commit -m "First Commit"
On branch master
nothing to commit, working tree clean
PS D:\amey> git commit -m "Initial commit"
On branch master
nothing to commit, working tree clean
PS D:\amey> git commit -m "Initial commit" 
On branch master
nothing to commit, working tree clean
PS D:\amey> git checkout --orphan 'new_branch'
Switched to a new branch 'new_branch'
PS D:\amey> git add .                         
PS D:\amey> git commit -m "Initial commit"    
[new_branch (root-commit) 5ad6075] Initial commit
 126 files changed, 4552 insertions(+)
 create mode 100644 .gitignore
 create mode 100644 .metadata
 create mode 100644 README.md
 create mode 100644 analysis_options.yaml
 create mode 100644 android/.gitignore
 create mode 100644 android/app/build.gradle
 create mode 100644 android/app/src/debug/AndroidManifest.xml
 create mode 100644 android/app/src/main/AndroidManifest.xml
 create mode 100644 android/app/src/main/java/com/example/amey/MainActivity.java
 create mode 100644 android/app/src/main/res/drawable-v21/launch_background.xml
 create mode 100644 android/app/src/main/res/drawable/launch_background.xml
 create mode 100644 android/app/src/main/res/mipmap-hdpi/ic_launcher.png
 create mode 100644 android/app/src/main/res/mipmap-mdpi/ic_launcher.png
 create mode 100644 android/app/src/main/res/mipmap-xhdpi/ic_launcher.png
 create mode 100644 android/app/src/main/res/mipmap-xxhdpi/ic_launcher.png
 create mode 100644 android/app/src/main/res/mipmap-xxxhdpi/ic_launcher.png
 create mode 100644 android/app/src/main/res/values-night/styles.xml
 create mode 100644 android/app/src/main/res/values/styles.xml
 create mode 100644 android/app/src/profile/AndroidManifest.xml
 create mode 100644 android/build.gradle
 create mode 100644 android/gradle.properties
 create mode 100644 android/gradle/wrapper/gradle-wrapper.properties
 create mode 100644 android/settings.gradle
 create mode 100644 ios/.gitignore
 create mode 100644 ios/Flutter/AppFrameworkInfo.plist
 create mode 100644 ios/Flutter/Debug.xcconfig
 create mode 100644 ios/Flutter/Release.xcconfig
 create mode 100644 ios/Runner.xcodeproj/project.pbxproj
 create mode 100644 ios/Runner.xcodeproj/project.xcworkspace/contents.xcworkspacedata
 create mode 100644 ios/Runner.xcodeproj/project.xcworkspace/xcshareddata/IDEWorkspaceChecks.plist
 create mode 100644 ios/Runner.xcodeproj/project.xcworkspace/xcshareddata/WorkspaceSettings.xcsettings
 create mode 100644 ios/Runner.xcodeproj/xcshareddata/xcschemes/Runner.xcscheme
 create mode 100644 ios/Runner.xcworkspace/contents.xcworkspacedata
 create mode 100644 ios/Runner.xcworkspace/xcshareddata/IDEWorkspaceChecks.plist
 create mode 100644 ios/Runner.xcworkspace/xcshareddata/WorkspaceSettings.xcsettings
 create mode 100644 ios/Runner/AppDelegate.swift
 create mode 100644 ios/Runner/Assets.xcassets/AppIcon.appiconset/Contents.json
 create mode 100644 ios/Runner/Assets.xcassets/AppIcon.appiconset/Icon-App-1024x1024@1x.png
 create mode 100644 ios/Runner/Assets.xcassets/AppIcon.appiconset/Icon-App-20x20@1x.png
 create mode 100644 ios/Runner/Assets.xcassets/AppIcon.appiconset/Icon-App-20x20@2x.png
 create mode 100644 ios/Runner/Assets.xcassets/AppIcon.appiconset/Icon-App-20x20@3x.png
 create mode 100644 ios/Runner/Assets.xcassets/AppIcon.appiconset/Icon-App-29x29@1x.png
 create mode 100644 ios/Runner/Assets.xcassets/AppIcon.appiconset/Icon-App-29x29@2x.png
 create mode 100644 ios/Runner/Assets.xcassets/AppIcon.appiconset/Icon-App-29x29@3x.png
 create mode 100644 ios/Runner/Assets.xcassets/AppIcon.appiconset/Icon-App-40x40@1x.png
 create mode 100644 ios/Runner/Assets.xcassets/AppIcon.appiconset/Icon-App-40x40@2x.png
 create mode 100644 ios/Runner/Assets.xcassets/AppIcon.appiconset/Icon-App-40x40@3x.png
 create mode 100644 ios/Runner/Assets.xcassets/AppIcon.appiconset/Icon-App-60x60@2x.png
 create mode 100644 ios/Runner/Assets.xcassets/AppIcon.appiconset/Icon-App-60x60@3x.png
 create mode 100644 ios/Runner/Assets.xcassets/AppIcon.appiconset/Icon-App-76x76@1x.png
 create mode 100644 ios/Runner/Assets.xcassets/AppIcon.appiconset/Icon-App-76x76@2x.png
 create mode 100644 ios/Runner/Assets.xcassets/AppIcon.appiconset/Icon-App-83.5x83.5@2x.png
 create mode 100644 ios/Runner/Assets.xcassets/LaunchImage.imageset/Contents.json
 create mode 100644 ios/Runner/Assets.xcassets/LaunchImage.imageset/LaunchImage.png
 create mode 100644 ios/Runner/Assets.xcassets/LaunchImage.imageset/LaunchImage@2x.png
 create mode 100644 ios/Runner/Assets.xcassets/LaunchImage.imageset/LaunchImage@3x.png
 create mode 100644 ios/Runner/Assets.xcassets/LaunchImage.imageset/README.md
 create mode 100644 ios/Runner/Base.lproj/LaunchScreen.storyboard
 create mode 100644 ios/Runner/Base.lproj/Main.storyboard
 create mode 100644 ios/Runner/Info.plist
 create mode 100644 ios/Runner/Runner-Bridging-Header.h
 create mode 100644 lib/main.dart
 create mode 100644 linux/.gitignore
 create mode 100644 linux/CMakeLists.txt
 create mode 100644 linux/flutter/CMakeLists.txt
 create mode 100644 linux/flutter/generated_plugin_registrant.cc
 create mode 100644 linux/flutter/generated_plugin_registrant.h
 create mode 100644 linux/flutter/generated_plugins.cmake
 create mode 100644 linux/main.cc
 create mode 100644 linux/my_application.cc
 create mode 100644 linux/my_application.h
 create mode 100644 macos/.gitignore
 create mode 100644 macos/Flutter/Flutter-Debug.xcconfig
 create mode 100644 macos/Flutter/Flutter-Release.xcconfig
 create mode 100644 macos/Flutter/GeneratedPluginRegistrant.swift
 create mode 100644 macos/Runner.xcodeproj/project.pbxproj
 create mode 100644 macos/Runner.xcodeproj/project.xcworkspace/xcshareddata/IDEWorkspaceChecks.plist
 create mode 100644 macos/Runner.xcodeproj/xcshareddata/xcschemes/Runner.xcscheme
 create mode 100644 macos/Runner.xcworkspace/contents.xcworkspacedata
 create mode 100644 macos/Runner.xcworkspace/xcshareddata/IDEWorkspaceChecks.plist
 create mode 100644 macos/Runner/AppDelegate.swift
 create mode 100644 macos/Runner/Assets.xcassets/AppIcon.appiconset/Contents.json
 create mode 100644 macos/Runner/Assets.xcassets/AppIcon.appiconset/app_icon_1024.png
 create mode 100644 macos/Runner/Assets.xcassets/AppIcon.appiconset/app_icon_128.png
 create mode 100644 macos/Runner/Assets.xcassets/AppIcon.appiconset/app_icon_16.png
 create mode 100644 macos/Runner/Assets.xcassets/AppIcon.appiconset/app_icon_256.png
 create mode 100644 macos/Runner/Assets.xcassets/AppIcon.appiconset/app_icon_32.png
 create mode 100644 macos/Runner/Assets.xcassets/AppIcon.appiconset/app_icon_512.png
 create mode 100644 macos/Runner/Assets.xcassets/AppIcon.appiconset/app_icon_64.png
 create mode 100644 macos/Runner/Base.lproj/MainMenu.xib
 create mode 100644 macos/Runner/Configs/AppInfo.xcconfig
 create mode 100644 macos/Runner/Configs/Debug.xcconfig
 create mode 100644 macos/Runner/Configs/Release.xcconfig
 create mode 100644 macos/Runner/Configs/Warnings.xcconfig
 create mode 100644 macos/Runner/DebugProfile.entitlements
 create mode 100644 macos/Runner/Info.plist
 create mode 100644 macos/Runner/MainFlutterWindow.swift
 create mode 100644 macos/Runner/Release.entitlements
 create mode 100644 pubspec.lock
 create mode 100644 pubspec.yaml
 create mode 100644 test/widget_test.dart
 create mode 100644 web/favicon.png
 create mode 100644 web/icons/Icon-192.png
 create mode 100644 web/icons/Icon-512.png
 create mode 100644 web/icons/Icon-maskable-192.png
 create mode 100644 web/icons/Icon-maskable-512.png
 create mode 100644 web/index.html
 create mode 100644 web/manifest.json
 create mode 100644 windows/.gitignore
 create mode 100644 windows/CMakeLists.txt
 create mode 100644 windows/flutter/CMakeLists.txt
 create mode 100644 windows/flutter/generated_plugin_registrant.cc
 create mode 100644 windows/flutter/generated_plugin_registrant.h
 create mode 100644 windows/flutter/generated_plugins.cmake
 create mode 100644 windows/runner/CMakeLists.txt
 create mode 100644 windows/runner/Runner.rc
 create mode 100644 windows/runner/flutter_window.cpp
 create mode 100644 windows/runner/flutter_window.h
 create mode 100644 windows/runner/main.cpp
 create mode 100644 windows/runner/resource.h
 create mode 100644 windows/runner/resources/app_icon.ico
 create mode 100644 windows/runner/runner.exe.manifest
 create mode 100644 windows/runner/utils.cpp
 create mode 100644 windows/runner/utils.h
 create mode 100644 windows/runner/win32_window.cpp
 create mode 100644 windows/runner/win32_window.h
PS D:\amey> git branch -D main             
error: branch 'main' not found.
PS D:\amey> git branch ~D main
fatal: '~D' is not a valid branch name
PS D:\amey> git branch -D main
error: branch 'main' not found.
PS D:\amey> git config --global user.email "ameytari2002@gmail.com"
PS D:\amey> git config --global user.name "AmeyTari2002"           
PS D:\amey> git commit -m "Initial commit"                         
On branch new_branch
nothing to commit, working tree clean
PS D:\amey> git branch -M main
PS D:\amey> git remote add origin https://github.com/AmeyTari2002/practice.git
PS D:\amey> git push -u origin main
Enumerating objects: 173, done.
Counting objects: 100% (173/173), done.
Delta compression using up to 8 threads
Compressing objects: 100% (144/144), done.
Writing objects: 100% (173/173), 264.79 KiB | 8.54 MiB/s, done.
Total 173 (delta 19), reused 0 (delta 0), pack-reused 0
remote: Resolving deltas: 100% (19/19), done.
To https://github.com/AmeyTari2002/practice.git
 * [new branch]      main -> main
branch 'main' set up to track 'origin/main'.
PS D:\amey>
